2026-08-08T06:32:39.494Z: {
  "stack": "Error\n    at Database.<anonymous> (C:\\New partition\\project\\WorkPlay\\server\\node_modules\\sequelize\\lib\\dialects\\sqlite\\query.js:185:27)\n    at C:\\New partition\\project\\WorkPlay\\server\\node_modules\\sequelize\\lib\\dialects\\sqlite\\query.js:183:50\n    at new Promise (<anonymous>)\n    at Query.run (C:\\New partition\\project\\WorkPlay\\server\\node_modules\\sequelize\\lib\\dialects\\sqlite\\query.js:183:12)\n    at C:\\New partition\\project\\WorkPlay\\server\\node_modules\\sequelize\\lib\\sequelize.js:315:28\n    at async SQLiteQueryInterface.insert (C:\\New partition\\project\\WorkPlay\\server\\node_modules\\sequelize\\lib\\dialects\\abstract\\query-interface.js:308:21)\n    at async model.save (C:\\New partition\\project\\WorkPlay\\server\\node_modules\\sequelize\\lib\\model.js:2490:35)\n    at async User.create (C:\\New partition\\project\\WorkPlay\\server\\node_modules\\sequelize\\lib\\model.js:1362:12)\n    at async C:\\New partition\\project\\WorkPlay\\server\\routes\\auth.js:22:22",
  "message": "Validation error",
  "name": "SequelizeUniqueConstraintError",
  "errors": [
    {
      "message": "username must be unique"
    }
  ],
  "parent": {
    "stack": "Error: SQLITE_CONSTRAINT: UNIQUE constraint failed: Users.username",
    "message": "SQLITE_CONSTRAINT: UNIQUE constraint failed: Users.username",
    "name": "Error",
    "sql": "INSERT INTO `Users` (`id`,`username`,`password`,`role`,`fullName`,`email`,`department`,`rank`,`xp`,`coins`,`createdAt`,`updatedAt`) VALUES (NULL,$1,$2,$3,$4,$5,$6,$7,$8,$9,$10,$11);"
  },
  "original": {
    "stack": "Error: SQLITE_CONSTRAINT: UNIQUE constraint failed: Users.username",
    "message": "SQLITE_CONSTRAINT: UNIQUE constraint failed: Users.username",
    "name": "Error",
    "sql": "INSERT INTO `Users` (`id`,`username`,`password`,`role`,`fullName`,`email`,`department`,`rank`,`xp`,`coins`,`createdAt`,`updatedAt`) VALUES (NULL,$1,$2,$3,$4,$5,$6,$7,$8,$9,$10,$11);"
  },
  "fields": [
    "username"
  ],
  "sql": "INSERT INTO `Users` (`id`,`username`,`password`,`role`,`fullName`,`email`,`department`,`rank`,`xp`,`coins`,`createdAt`,`updatedAt`) VALUES (NULL,$1,$2,$3,$4,$5,$6,$7,$8,$9,$10,$11);"
}
----------------
2026-08-08T06:32:54.970Z: {
  "stack": "Error\n    at Database.<anonymous> (C:\\New partition\\project\\WorkPlay\\server\\node_modules\\sequelize\\lib\\dialects\\sqlite\\query.js:185:27)\n    at C:\\New partition\\project\\WorkPlay\\server\\node_modules\\sequelize\\lib\\dialects\\sqlite\\query.js:183:50\n    at new Promise (<anonymous>)\n    at Query.run (C:\\New partition\\project\\WorkPlay\\server\\node_modules\\sequelize\\lib\\dialects\\sqlite\\query.js:183:12)\n    at C:\\New partition\\project\\WorkPlay\\server\\node_modules\\sequelize\\lib\\sequelize.js:315:28\n    at async SQLiteQueryInterface.insert (C:\\New partition\\project\\WorkPlay\\server\\node_modules\\sequelize\\lib\\dialects\\abstract\\query-interface.js:308:21)\n    at async model.save (C:\\New partition\\project\\WorkPlay\\server\\node_modules\\sequelize\\lib\\model.js:2490:35)\n    at async User.create (C:\\New partition\\project\\WorkPlay\\server\\node_modules\\sequelize\\lib\\model.js:1362:12)\n    at async C:\\New partition\\project\\WorkPlay\\server\\routes\\auth.js:22:22",
  "message": "Validation error",
  "name": "SequelizeUniqueConstraintError",
  "errors": [
    {
      "message": "username must be unique"
    }
  ],
  "parent": {
    "stack": "Error: SQLITE_CONSTRAINT: UNIQUE constraint failed: Users.username",
    "message": "SQLITE_CONSTRAINT: UNIQUE constraint failed: Users.username",
    "name": "Error",
    "sql": "INSERT INTO `Users` (`id`,`username`,`password`,`role`,`fullName`,`email`,`department`,`rank`,`xp`,`coins`,`createdAt`,`updatedAt`) VALUES (NULL,$1,$2,$3,$4,$5,$6,$7,$8,$9,$10,$11);"
  },
  "original": {
    "stack": "Error: SQLITE_CONSTRAINT: UNIQUE constraint failed: Users.username",
    "message": "SQLITE_CONSTRAINT: UNIQUE constraint failed: Users.username",
    "name": "Error",
    "sql": "INSERT INTO `Users` (`id`,`username`,`password`,`role`,`fullName`,`email`,`department`,`rank`,`xp`,`coins`,`createdAt`,`updatedAt`) VALUES (NULL,$1,$2,$3,$4,$5,$6,$7,$8,$9,$10,$11);"
  },
  "fields": [
    "username"
  ],
  "sql": "INSERT INTO `Users` (`id`,`username`,`password`,`role`,`fullName`,`email`,`department`,`rank`,`xp`,`coins`,`createdAt`,`updatedAt`) VALUES (NULL,$1,$2,$3,$4,$5,$6,$7,$8,$9,$10,$11);"
}
----------------
2026-08-09T05:31:57.870Z: {
  "stack": "Error\n    at Database.<anonymous> (C:\\New partition\\project\\WorkPlay\\server\\node_modules\\sequelize\\lib\\dialects\\sqlite\\query.js:185:27)\n    at C:\\New partition\\project\\WorkPlay\\server\\node_modules\\sequelize\\lib\\dialects\\sqlite\\query.js:183:50\n    at new Promise (<anonymous>)\n    at Query.run (C:\\New partition\\project\\WorkPlay\\server\\node_modules\\sequelize\\lib\\dialects\\sqlite\\query.js:183:12)\n    at C:\\New partition\\project\\WorkPlay\\server\\node_modules\\sequelize\\lib\\sequelize.js:315:28\n    at async SQLiteQueryInterface.insert (C:\\New partition\\project\\WorkPlay\\server\\node_modules\\sequelize\\lib\\dialects\\abstract\\query-interface.js:308:21)\n    at async model.save (C:\\New partition\\project\\WorkPlay\\server\\node_modules\\sequelize\\lib\\model.js:2490:35)\n    at async User.create (C:\\New partition\\project\\WorkPlay\\server\\node_modules\\sequelize\\lib\\model.js:1362:12)\n    at async C:\\New partition\\project\\WorkPlay\\server\\routes\\auth.js:33:22",
  "message": "SQLITE_ERROR: table Users has no column named jobRole",
  "name": "SequelizeDatabaseError",
  "parent": {
    "stack": "Error: SQLITE_ERROR: table Users has no column named jobRole",
    "message": "SQLITE_ERROR: table Users has no column named jobRole",
    "name": "Error",
    "sql": "INSERT INTO `Users` (`id`,`username`,`password`,`role`,`isVIP`,`fullName`,`email`,`department`,`jobRole`,`rank`,`xp`,`coins`,`sp`,`skillLevels`,`createdAt`,`updatedAt`) VALUES (NULL,$1,$2,$3,$4,$5,$6,$7,$8,$9,$10,$11,$12,$13,$14,$15);"
  },
  "original": {
    "stack": "Error: SQLITE_ERROR: table Users has no column named jobRole",
    "message": "SQLITE_ERROR: table Users has no column named jobRole",
    "name": "Error",
    "sql": "INSERT INTO `Users` (`id`,`username`,`password`,`role`,`isVIP`,`fullName`,`email`,`department`,`jobRole`,`rank`,`xp`,`coins`,`sp`,`skillLevels`,`createdAt`,`updatedAt`) VALUES (NULL,$1,$2,$3,$4,$5,$6,$7,$8,$9,$10,$11,$12,$13,$14,$15);"
  },
  "sql": "INSERT INTO `Users` (`id`,`username`,`password`,`role`,`isVIP`,`fullName`,`email`,`department`,`jobRole`,`rank`,`xp`,`coins`,`sp`,`skillLevels`,`createdAt`,`updatedAt`) VALUES (NULL,$1,$2,$3,$4,$5,$6,$7,$8,$9,$10,$11,$12,$13,$14,$15);",
  "parameters": {}
}
----------------
2026-08-09T05:32:02.237Z: {
  "stack": "Error\n    at Database.<anonymous> (C:\\New partition\\project\\WorkPlay\\server\\node_modules\\sequelize\\lib\\dialects\\sqlite\\query.js:185:27)\n    at C:\\New partition\\project\\WorkPlay\\server\\node_modules\\sequelize\\lib\\dialects\\sqlite\\query.js:183:50\n    at new Promise (<anonymous>)\n    at Query.run (C:\\New partition\\project\\WorkPlay\\server\\node_modules\\sequelize\\lib\\dialects\\sqlite\\query.js:183:12)\n    at C:\\New partition\\project\\WorkPlay\\server\\node_modules\\sequelize\\lib\\sequelize.js:315:28\n    at async SQLiteQueryInterface.insert (C:\\New partition\\project\\WorkPlay\\server\\node_modules\\sequelize\\lib\\dialects\\abstract\\query-interface.js:308:21)\n    at async model.save (C:\\New partition\\project\\WorkPlay\\server\\node_modules\\sequelize\\lib\\model.js:2490:35)\n    at async User.create (C:\\New partition\\project\\WorkPlay\\server\\node_modules\\sequelize\\lib\\model.js:1362:12)\n    at async C:\\New partition\\project\\WorkPlay\\server\\routes\\auth.js:33:22",
  "message": "SQLITE_ERROR: table Users has no column named jobRole",
  "name": "SequelizeDatabaseError",
  "parent": {
    "stack": "Error: SQLITE_ERROR: table Users has no column named jobRole",
    "message": "SQLITE_ERROR: table Users has no column named jobRole",
    "name": "Error",
    "sql": "INSERT INTO `Users` (`id`,`username`,`password`,`role`,`isVIP`,`fullName`,`email`,`department`,`jobRole`,`rank`,`xp`,`coins`,`sp`,`skillLevels`,`createdAt`,`updatedAt`) VALUES (NULL,$1,$2,$3,$4,$5,$6,$7,$8,$9,$10,$11,$12,$13,$14,$15);"
  },
  "original": {
    "stack": "Error: SQLITE_ERROR: table Users has no column named jobRole",
    "message": "SQLITE_ERROR: table Users has no column named jobRole",
    "name": "Error",
    "sql": "INSERT INTO `Users` (`id`,`username`,`password`,`role`,`isVIP`,`fullName`,`email`,`department`,`jobRole`,`rank`,`xp`,`coins`,`sp`,`skillLevels`,`createdAt`,`updatedAt`) VALUES (NULL,$1,$2,$3,$4,$5,$6,$7,$8,$9,$10,$11,$12,$13,$14,$15);"
  },
  "sql": "INSERT INTO `Users` (`id`,`username`,`password`,`role`,`isVIP`,`fullName`,`email`,`department`,`jobRole`,`rank`,`xp`,`coins`,`sp`,`skillLevels`,`createdAt`,`updatedAt`) VALUES (NULL,$1,$2,$3,$4,$5,$6,$7,$8,$9,$10,$11,$12,$13,$14,$15);",
  "parameters": {}
}
----------------
2026-08-09T05:32:18.402Z: {
  "stack": "Error\n    at Database.<anonymous> (C:\\New partition\\project\\WorkPlay\\server\\node_modules\\sequelize\\lib\\dialects\\sqlite\\query.js:185:27)\n    at C:\\New partition\\project\\WorkPlay\\server\\node_modules\\sequelize\\lib\\dialects\\sqlite\\query.js:183:50\n    at new Promise (<anonymous>)\n    at Query.run (C:\\New partition\\project\\WorkPlay\\server\\node_modules\\sequelize\\lib\\dialects\\sqlite\\query.js:183:12)\n    at C:\\New partition\\project\\WorkPlay\\server\\node_modules\\sequelize\\lib\\sequelize.js:315:28\n    at async SQLiteQueryInterface.insert (C:\\New partition\\project\\WorkPlay\\server\\node_modules\\sequelize\\lib\\dialects\\abstract\\query-interface.js:308:21)\n    at async model.save (C:\\New partition\\project\\WorkPlay\\server\\node_modules\\sequelize\\lib\\model.js:2490:35)\n    at async User.create (C:\\New partition\\project\\WorkPlay\\server\\node_modules\\sequelize\\lib\\model.js:1362:12)\n    at async C:\\New partition\\project\\WorkPlay\\server\\routes\\auth.js:33:22",
  "message": "SQLITE_ERROR: table Users has no column named jobRole",
  "name": "SequelizeDatabaseError",
  "parent": {
    "stack": "Error: SQLITE_ERROR: table Users has no column named jobRole",
    "message": "SQLITE_ERROR: table Users has no column named jobRole",
    "name": "Error",
    "sql": "INSERT INTO `Users` (`id`,`username`,`password`,`role`,`isVIP`,`fullName`,`email`,`department`,`jobRole`,`rank`,`xp`,`coins`,`sp`,`skillLevels`,`createdAt`,`updatedAt`) VALUES (NULL,$1,$2,$3,$4,$5,$6,$7,$8,$9,$10,$11,$12,$13,$14,$15);"
  },
  "original": {
    "stack": "Error: SQLITE_ERROR: table Users has no column named jobRole",
    "message": "SQLITE_ERROR: table Users has no column named jobRole",
    "name": "Error",
    "sql": "INSERT INTO `Users` (`id`,`username`,`password`,`role`,`isVIP`,`fullName`,`email`,`department`,`jobRole`,`rank`,`xp`,`coins`,`sp`,`skillLevels`,`createdAt`,`updatedAt`) VALUES (NULL,$1,$2,$3,$4,$5,$6,$7,$8,$9,$10,$11,$12,$13,$14,$15);"
  },
  "sql": "INSERT INTO `Users` (`id`,`username`,`password`,`role`,`isVIP`,`fullName`,`email`,`department`,`jobRole`,`rank`,`xp`,`coins`,`sp`,`skillLevels`,`createdAt`,`updatedAt`) VALUES (NULL,$1,$2,$3,$4,$5,$6,$7,$8,$9,$10,$11,$12,$13,$14,$15);",
  "parameters": {}
}
----------------
2026-08-09T05:32:32.743Z: {
  "stack": "Error\n    at Database.<anonymous> (C:\\New partition\\project\\WorkPlay\\server\\node_modules\\sequelize\\lib\\dialects\\sqlite\\query.js:185:27)\n    at C:\\New partition\\project\\WorkPlay\\server\\node_modules\\sequelize\\lib\\dialects\\sqlite\\query.js:183:50\n    at new Promise (<anonymous>)\n    at Query.run (C:\\New partition\\project\\WorkPlay\\server\\node_modules\\sequelize\\lib\\dialects\\sqlite\\query.js:183:12)\n    at C:\\New partition\\project\\WorkPlay\\server\\node_modules\\sequelize\\lib\\sequelize.js:315:28\n    at async SQLiteQueryInterface.insert (C:\\New partition\\project\\WorkPlay\\server\\node_modules\\sequelize\\lib\\dialects\\abstract\\query-interface.js:308:21)\n    at async model.save (C:\\New partition\\project\\WorkPlay\\server\\node_modules\\sequelize\\lib\\model.js:2490:35)\n    at async User.create (C:\\New partition\\project\\WorkPlay\\server\\node_modules\\sequelize\\lib\\model.js:1362:12)\n    at async C:\\New partition\\project\\WorkPlay\\server\\routes\\auth.js:33:22",
  "message": "SQLITE_ERROR: table Users has no column named jobRole",
  "name": "SequelizeDatabaseError",
  "parent": {
    "stack": "Error: SQLITE_ERROR: table Users has no column named jobRole",
    "message": "SQLITE_ERROR: table Users has no column named jobRole",
    "name": "Error",
    "sql": "INSERT INTO `Users` (`id`,`username`,`password`,`role`,`isVIP`,`fullName`,`email`,`department`,`jobRole`,`rank`,`xp`,`coins`,`sp`,`skillLevels`,`createdAt`,`updatedAt`) VALUES (NULL,$1,$2,$3,$4,$5,$6,$7,$8,$9,$10,$11,$12,$13,$14,$15);"
  },
  "original": {
    "stack": "Error: SQLITE_ERROR: table Users has no column named jobRole",
    "message": "SQLITE_ERROR: table Users has no column named jobRole",
    "name": "Error",
    "sql": "INSERT INTO `Users` (`id`,`username`,`password`,`role`,`isVIP`,`fullName`,`email`,`department`,`jobRole`,`rank`,`xp`,`coins`,`sp`,`skillLevels`,`createdAt`,`updatedAt`) VALUES (NULL,$1,$2,$3,$4,$5,$6,$7,$8,$9,$10,$11,$12,$13,$14,$15);"
  },
  "sql": "INSERT INTO `Users` (`id`,`username`,`password`,`role`,`isVIP`,`fullName`,`email`,`department`,`jobRole`,`rank`,`xp`,`coins`,`sp`,`skillLevels`,`createdAt`,`updatedAt`) VALUES (NULL,$1,$2,$3,$4,$5,$6,$7,$8,$9,$10,$11,$12,$13,$14,$15);",
  "parameters": {}
}
----------------
2026-08-09T05:33:26.522Z: {
  "stack": "Error\n    at Database.<anonymous> (C:\\New partition\\project\\WorkPlay\\server\\node_modules\\sequelize\\lib\\dialects\\sqlite\\query.js:185:27)\n    at C:\\New partition\\project\\WorkPlay\\server\\node_modules\\sequelize\\lib\\dialects\\sqlite\\query.js:183:50\n    at new Promise (<anonymous>)\n    at Query.run (C:\\New partition\\project\\WorkPlay\\server\\node_modules\\sequelize\\lib\\dialects\\sqlite\\query.js:183:12)\n    at C:\\New partition\\project\\WorkPlay\\server\\node_modules\\sequelize\\lib\\sequelize.js:315:28\n    at async SQLiteQueryInterface.insert (C:\\New partition\\project\\WorkPlay\\server\\node_modules\\sequelize\\lib\\dialects\\abstract\\query-interface.js:308:21)\n    at async model.save (C:\\New partition\\project\\WorkPlay\\server\\node_modules\\sequelize\\lib\\model.js:2490:35)\n    at async User.create (C:\\New partition\\project\\WorkPlay\\server\\node_modules\\sequelize\\lib\\model.js:1362:12)\n    at async C:\\New partition\\project\\WorkPlay\\server\\routes\\auth.js:33:22",
  "message": "SQLITE_ERROR: table Users has no column named jobRole",
  "name": "SequelizeDatabaseError",
  "parent": {
    "stack": "Error: SQLITE_ERROR: table Users has no column named jobRole",
    "message": "SQLITE_ERROR: table Users has no column named jobRole",
    "name": "Error",
    "sql": "INSERT INTO `Users` (`id`,`username`,`password`,`role`,`isVIP`,`fullName`,`email`,`department`,`jobRole`,`rank`,`xp`,`coins`,`sp`,`skillLevels`,`createdAt`,`updatedAt`) VALUES (NULL,$1,$2,$3,$4,$5,$6,$7,$8,$9,$10,$11,$12,$13,$14,$15);"
  },
  "original": {
    "stack": "Error: SQLITE_ERROR: table Users has no column named jobRole",
    "message": "SQLITE_ERROR: table Users has no column named jobRole",
    "name": "Error",
    "sql": "INSERT INTO `Users` (`id`,`username`,`password`,`role`,`isVIP`,`fullName`,`email`,`department`,`jobRole`,`rank`,`xp`,`coins`,`sp`,`skillLevels`,`createdAt`,`updatedAt`) VALUES (NULL,$1,$2,$3,$4,$5,$6,$7,$8,$9,$10,$11,$12,$13,$14,$15);"
  },
  "sql": "INSERT INTO `Users` (`id`,`username`,`password`,`role`,`isVIP`,`fullName`,`email`,`department`,`jobRole`,`rank`,`xp`,`coins`,`sp`,`skillLevels`,`createdAt`,`updatedAt`) VALUES (NULL,$1,$2,$3,$4,$5,$6,$7,$8,$9,$10,$11,$12,$13,$14,$15);",
  "parameters": {}
}
----------------
2026-08-09T05:33:35.045Z: {
  "stack": "Error\n    at Database.<anonymous> (C:\\New partition\\project\\WorkPlay\\server\\node_modules\\sequelize\\lib\\dialects\\sqlite\\query.js:185:27)\n    at C:\\New partition\\project\\WorkPlay\\server\\node_modules\\sequelize\\lib\\dialects\\sqlite\\query.js:183:50\n    at new Promise (<anonymous>)\n    at Query.run (C:\\New partition\\project\\WorkPlay\\server\\node_modules\\sequelize\\lib\\dialects\\sqlite\\query.js:183:12)\n    at C:\\New partition\\project\\WorkPlay\\server\\node_modules\\sequelize\\lib\\sequelize.js:315:28\n    at async SQLiteQueryInterface.insert (C:\\New partition\\project\\WorkPlay\\server\\node_modules\\sequelize\\lib\\dialects\\abstract\\query-interface.js:308:21)\n    at async model.save (C:\\New partition\\project\\WorkPlay\\server\\node_modules\\sequelize\\lib\\model.js:2490:35)\n    at async User.create (C:\\New partition\\project\\WorkPlay\\server\\node_modules\\sequelize\\lib\\model.js:1362:12)\n    at async C:\\New partition\\project\\WorkPlay\\server\\routes\\auth.js:33:22",
  "message": "SQLITE_ERROR: table Users has no column named jobRole",
  "name": "SequelizeDatabaseError",
  "parent": {
    "stack": "Error: SQLITE_ERROR: table Users has no column named jobRole",
    "message": "SQLITE_ERROR: table Users has no column named jobRole",
    "name": "Error",
    "sql": "INSERT INTO `Users` (`id`,`username`,`password`,`role`,`isVIP`,`fullName`,`email`,`department`,`jobRole`,`rank`,`xp`,`coins`,`sp`,`skillLevels`,`createdAt`,`updatedAt`) VALUES (NULL,$1,$2,$3,$4,$5,$6,$7,$8,$9,$10,$11,$12,$13,$14,$15);"
  },
  "original": {
    "stack": "Error: SQLITE_ERROR: table Users has no column named jobRole",
    "message": "SQLITE_ERROR: table Users has no column named jobRole",
    "name": "Error",
    "sql": "INSERT INTO `Users` (`id`,`username`,`password`,`role`,`isVIP`,`fullName`,`email`,`department`,`jobRole`,`rank`,`xp`,`coins`,`sp`,`skillLevels`,`createdAt`,`updatedAt`) VALUES (NULL,$1,$2,$3,$4,$5,$6,$7,$8,$9,$10,$11,$12,$13,$14,$15);"
  },
  "sql": "INSERT INTO `Users` (`id`,`username`,`password`,`role`,`isVIP`,`fullName`,`email`,`department`,`jobRole`,`rank`,`xp`,`coins`,`sp`,`skillLevels`,`createdAt`,`updatedAt`) VALUES (NULL,$1,$2,$3,$4,$5,$6,$7,$8,$9,$10,$11,$12,$13,$14,$15);",
  "parameters": {}
}
----------------
2026-08-09T05:33:37.465Z: {
  "stack": "Error\n    at Database.<anonymous> (C:\\New partition\\project\\WorkPlay\\server\\node_modules\\sequelize\\lib\\dialects\\sqlite\\query.js:185:27)\n    at C:\\New partition\\project\\WorkPlay\\server\\node_modules\\sequelize\\lib\\dialects\\sqlite\\query.js:183:50\n    at new Promise (<anonymous>)\n    at Query.run (C:\\New partition\\project\\WorkPlay\\server\\node_modules\\sequelize\\lib\\dialects\\sqlite\\query.js:183:12)\n    at C:\\New partition\\project\\WorkPlay\\server\\node_modules\\sequelize\\lib\\sequelize.js:315:28\n    at async SQLiteQueryInterface.insert (C:\\New partition\\project\\WorkPlay\\server\\node_modules\\sequelize\\lib\\dialects\\abstract\\query-interface.js:308:21)\n    at async model.save (C:\\New partition\\project\\WorkPlay\\server\\node_modules\\sequelize\\lib\\model.js:2490:35)\n    at async User.create (C:\\New partition\\project\\WorkPlay\\server\\node_modules\\sequelize\\lib\\model.js:1362:12)\n    at async C:\\New partition\\project\\WorkPlay\\server\\routes\\auth.js:33:22",
  "message": "SQLITE_ERROR: table Users has no column named jobRole",
  "name": "SequelizeDatabaseError",
  "parent": {
    "stack": "Error: SQLITE_ERROR: table Users has no column named jobRole",
    "message": "SQLITE_ERROR: table Users has no column named jobRole",
    "name": "Error",
    "sql": "INSERT INTO `Users` (`id`,`username`,`password`,`role`,`isVIP`,`fullName`,`email`,`department`,`jobRole`,`rank`,`xp`,`coins`,`sp`,`skillLevels`,`createdAt`,`updatedAt`) VALUES (NULL,$1,$2,$3,$4,$5,$6,$7,$8,$9,$10,$11,$12,$13,$14,$15);"
  },
  "original": {
    "stack": "Error: SQLITE_ERROR: table Users has no column named jobRole",
    "message": "SQLITE_ERROR: table Users has no column named jobRole",
    "name": "Error",
    "sql": "INSERT INTO `Users` (`id`,`username`,`password`,`role`,`isVIP`,`fullName`,`email`,`department`,`jobRole`,`rank`,`xp`,`coins`,`sp`,`skillLevels`,`createdAt`,`updatedAt`) VALUES (NULL,$1,$2,$3,$4,$5,$6,$7,$8,$9,$10,$11,$12,$13,$14,$15);"
  },
  "sql": "INSERT INTO `Users` (`id`,`username`,`password`,`role`,`isVIP`,`fullName`,`email`,`department`,`jobRole`,`rank`,`xp`,`coins`,`sp`,`skillLevels`,`createdAt`,`updatedAt`) VALUES (NULL,$1,$2,$3,$4,$5,$6,$7,$8,$9,$10,$11,$12,$13,$14,$15);",
  "parameters": {}
}
----------------
